
=== STARTING BROWSER SIMULATION TEST ===

[17:55:57] [LOGIN] Attempting login with testadmin@example.com...
[17:55:57] [LOGIN] Success! Welcome, Test Admin (Super Admin)

[17:55:57] [DASHBOARD] Loading system metrics and widgets...
[17:55:57] [DASHBOARD] Loaded 4 system metrics.
   - CPU Usage: 47.0% (Good)
   - Memory Usage: 60.7% (Good)
   - Disk Usage: 45.0% (Good)
   - Active Agents: 12 (Good)
[17:55:57] [ASSETS] Total Assets Monitored: 5

[17:55:57] [COMPLIANCE] Navigating to Agent Details -> Compliance Tab...
[17:55:57] [AGENTS] Found 7 active agents.
[17:55:57] [COMPLIANCE] Error: string indices must be integers, not 'str'

=== TEST COMPLETE ===
