backend/create_mongodb_users.js(5,1): error TS1434: Unexpected keyword or identifier.
backend/create_mongodb_users.js(16,1): error TS1434: Unexpected keyword or identifier.
hooks/useWebSocket.ts(1,3): error TS1005: ';' expected.
hooks/useWebSocket.ts(1,4): error TS1002: Unterminated string literal.
hooks/useWebSocket.ts(2,1): error TS1434: Unexpected keyword or identifier.
hooks/useWebSocket.ts(2,10): error TS1434: Unexpected keyword or identifier.
hooks/useWebSocket.ts(3,1): error TS1434: Unexpected keyword or identifier.
hooks/useWebSocket.ts(3,7): error TS1434: Unexpected keyword or identifier.
hooks/useWebSocket.ts(3,16): error TS1005: '(' expected.
hooks/useWebSocket.ts(3,26): error TS1005: ';' expected.
hooks/useWebSocket.ts(3,38): error TS1005: ';' expected.
hooks/useWebSocket.ts(4,1): error TS1005: ')' expected.
hooks/useWebSocket.ts(4,3): error TS1005: ';' expected.
hooks/useWebSocket.ts(4,4): error TS1002: Unterminated string literal.
